// Jest Snapshot v1, https://goo.gl/fbAQLP

exports[`should render LoginPage correctly 1`] = `
<div
  className="box-layout"
>
  <div
    className="box-layout__box"
  >
    <h1
      className="box-layout__title"
    >
      Expensify
    </h1>
    <p>
      It's time to get your expenses under control.
    </p>
    <button
      className="button box-layout__button"
    >
      Login with Goolge
    </button>
    <button
      className="button"
    >
      Login with GitHub
    </button>
  </div>
</div>
`;
